// Vitest Snapshot v1, https://vitest.dev/guide/snapshot.html

exports[`Button > match snapshot 1`] = `"<button class="inline-flex items-center rounded-lg font-medium focus:outline-none focus:ring-2 transition-colors disabled:pointer-events-none disabled:opacity-60 px-5 py-2.5 text-sm bg-blue-700 text-white hover:bg-blue-800 focus:ring-blue-300 dark:bg-blue-600 dark:hover:bg-blue-700 dark:focus:ring-blue-800">button</button>"`;
